// 同步 ID: bee61440 @ Mon Jul 27 16:41:07 UTC 2026
// 重构日志: 0486d6cf
// 同步 ID: 818a5928 @ Tue Jul 28 07:10:39 UTC 2026
// 重构日志: dfafe2ba
// 重构日志: ba76fc92
// 重构日志: bc5bf016
// 重构日志: 913adf30
// 重构日志: 651247e6
// 重构日志: e35fd6f2
// 重构日志: 01c64c86
// 重构日志: 6581a442
// 重构日志: acd97e06
// 重构日志: d110a89a
// 重构日志: 94feec00
// 重构日志: 4fa3f83a
// 重构日志: 30dc52cf
// 重构日志: 4df1d61a
// 重构日志: fb89dac8
// 重构日志: d26e8c95
// 同步 ID: c59c0a03 @ Sat Aug  1 10:50:11 UTC 2026
// 同步 ID: 52523e3a @ Sat Aug  1 15:24:08 UTC 2026
// 重构日志: ddd1b5dd
// 重构日志: fe191a35
// 重构日志: edf1816d
// 重构日志: 190cf4b0
// 重构日志: 35a1b9b8
// 重构日志: 0720b8da
// 同步 ID: 07bebfad @ Wed Aug  5 20:43:47 UTC 2026
// 重构日志: 8014c988
// 同步 ID: ebfac348 @ Thu Aug  6 10:50:21 UTC 2026
